Hello from modular Quill!